Intel(R) Optimized LINPACK Benchmark data

Current date/time: Fri May  1 12:20:33 2015

CPU frequency:    2.799 GHz
Number of CPUs: 2
Number of cores: 12
Number of threads: 12

Parameters are set to:

Number of tests: 6
Number of equations to solve (problem size) : 1000  2000  5000  10000 20000 25000
Leading dimension of array                  : 1000  2000  5000  10000 20000 25000
Number of trials to run                     : 2     2     2     1     1     1    
Data alignment value (in Kbytes)            : 4     4     4     4     4     4    

Maximum memory requested that can be used=5000504096, at the size=25000

=================== Timing linear equation system solver ===================

Size   LDA    Align. Time(s)    GFlops   Residual     Residual(norm) Check
1000   1000   4      0.015      45.9969  1.158133e-12 3.949530e-02   pass
1000   1000   4      0.010      66.0805  1.158133e-12 3.949530e-02   pass
2000   2000   4      0.065      82.1285  4.878042e-12 4.243299e-02   pass
2000   2000   4      0.063      85.2701  4.878042e-12 4.243299e-02   pass
5000   5000   4      0.803      103.8320 2.221734e-11 3.098029e-02   pass
5000   5000   4      0.769      108.4839 2.221734e-11 3.098029e-02   pass
10000  10000  4      5.700      117.0035 9.915883e-11 3.496441e-02   pass
20000  20000  4      42.918     124.2853 3.949314e-10 3.496008e-02   pass
25000  25000  4      83.989     124.0389 5.248970e-10 2.984901e-02   pass

Performance Summary (GFlops)

Size   LDA    Align.  Average  Maximal
1000   1000   4       56.0387  66.0805 
2000   2000   4       83.6993  85.2701 
5000   5000   4       106.1580 108.4839
10000  10000  4       117.0035 117.0035
20000  20000  4       124.2853 124.2853
25000  25000  4       124.0389 124.0389

Residual checks PASSED

End of tests

