Intel(R) Optimized LINPACK Benchmark data

Current date/time: Fri May  1 12:20:30 2015

CPU frequency:    2.799 GHz
Number of CPUs: 2
Number of cores: 12
Number of threads: 12

Parameters are set to:

Number of tests: 6
Number of equations to solve (problem size) : 1000  2000  5000  10000 20000 25000
Leading dimension of array                  : 1000  2000  5000  10000 20000 25000
Number of trials to run                     : 2     2     2     1     1     1    
Data alignment value (in Kbytes)            : 4     4     4     4     4     4    

Maximum memory requested that can be used=5000504096, at the size=25000

=================== Timing linear equation system solver ===================

Size   LDA    Align. Time(s)    GFlops   Residual     Residual(norm) Check
1000   1000   4      0.013      52.6598  1.158133e-12 3.949530e-02   pass
1000   1000   4      0.010      66.0231  1.158133e-12 3.949530e-02   pass
2000   2000   4      0.065      82.7668  4.878042e-12 4.243299e-02   pass
2000   2000   4      0.063      85.3591  4.878042e-12 4.243299e-02   pass
5000   5000   4      0.797      104.6040 2.221734e-11 3.098029e-02   pass
5000   5000   4      0.773      107.8547 2.221734e-11 3.098029e-02   pass
10000  10000  4      5.821      114.5634 9.915883e-11 3.496441e-02   pass
20000  20000  4      43.619     122.2885 3.949314e-10 3.496008e-02   pass
25000  25000  4      84.515     123.2664 5.248970e-10 2.984901e-02   pass

Performance Summary (GFlops)

Size   LDA    Align.  Average  Maximal
1000   1000   4       59.3415  66.0231 
2000   2000   4       84.0629  85.3591 
5000   5000   4       106.2294 107.8547
10000  10000  4       114.5634 114.5634
20000  20000  4       122.2885 122.2885
25000  25000  4       123.2664 123.2664

Residual checks PASSED

End of tests

